error: proc macro panicked
  --> $DIR/binary.rs:19:1
   |
19 | rbdl_file!("tests/rbdl/binary.rbdl");
   | ^^^^^^^^^^^^^^^^^^^^^^^^^^^^^^^^^^^^^
   |
   = help: message: tests/rbdl/binary.rbdl: stream did not contain valid UTF-8
